// Jest Snapshot v1, https://goo.gl/fbAQLP

exports[`public API surface matches snapshot 1`] = `
[
  "Builder",
  "BuilderGenerators",
  "ChaosOrchestrator",
  "DEVICE_PRESETS",
  "DataGenerators",
  "EnhancedTestError",
  "Factories",
  "Factory",
  "FixtureManager",
  "HttpMockManager",
  "HttpResponses",
  "LogLevel",
  "SECURITY_RULES",
  "Sequence",
  "TestAnalytics",
  "TestErrorMessages",
  "TestOrchestrator",
  "analyzeFlakiness",
  "analyzeTestsWithAI",
  "assertExecutionTime",
  "auditAccessibility",
  "benchmark",
  "compareScreenshots",
  "createBaseline",
  "createBuilder",
  "createBuilderFactory",
  "createConfigManager",
  "createContract",
  "createDeferred",
  "createFactory",
  "createFactoryWithBuilder",
  "createFixture",
  "createHttpMockManager",
  "createLogger",
  "createMockFunction",
  "createMockObject",
  "createSecurityRule",
  "createTestError",
  "debounce",
  "deepClone",
  "deepMerge",
  "delayedFunction",
  "detectCompatibilityIssues",
  "enhanceError",
  "expectLogs",
  "generateAnalyticsReport",
  "generateCompatibilityReport",
  "generateScenariosFromRequirements",
  "generateSecurityReport",
  "generateTestsWithAI",
  "getAITestSuggestions",
  "getConfigManager",
  "getGlobalFixtureManager",
  "getGlobalHttpMockManager",
  "getTestLogger",
  "injectNetworkChaos",
  "injectServiceFailure",
  "loadTest",
  "measureTime",
  "mobileEmulation",
  "optimizeTestsWithAI",
  "orchestrateTests",
  "parallelLimit",
  "predictFailures",
  "predictTestFailures",
  "quarantineTests",
  "resetConfig",
  "resetGlobalFixtureManager",
  "resetGlobalHttpMockManager",
  "restoreSpy",
  "retry",
  "runSecurityTests",
  "sanitizeForLogging",
  "shardTests",
  "simulateError",
  "simulateLatency",
  "simulateTimeout",
  "sleep",
  "spyOn",
  "stressTest",
  "takeScreenshot",
  "testCrossBrowser",
  "testMobileResponsiveness",
  "throttle",
  "timeout",
  "trackTestMetrics",
  "validateContract",
  "visualTest",
  "waitFor",
  "waitForValue",
  "withTimeout",
]
`;
