// Jest Snapshot v1, https://goo.gl/fbAQLP

exports[`public API surface matches snapshot 1`] = `
[
  "Builder",
  "BuilderGenerators",
  "DataGenerators",
  "EnhancedTestError",
  "Factories",
  "Factory",
  "FixtureManager",
  "HttpMockManager",
  "HttpResponses",
  "LogLevel",
  "Sequence",
  "TestErrorMessages",
  "assertExecutionTime",
  "createBuilder",
  "createBuilderFactory",
  "createConfigManager",
  "createDeferred",
  "createFactory",
  "createFactoryWithBuilder",
  "createFixture",
  "createHttpMockManager",
  "createLogger",
  "createMockFn",
  "createMockObject",
  "createTestError",
  "debounce",
  "deepClone",
  "deepMerge",
  "delayedFn",
  "enhanceError",
  "expectLogs",
  "getConfigManager",
  "getGlobalFixtureManager",
  "getGlobalHttpMockManager",
  "getTestLogger",
  "measureTime",
  "parallelLimit",
  "resetConfig",
  "resetGlobalFixtureManager",
  "resetGlobalHttpMockManager",
  "restoreSpy",
  "retry",
  "sanitizeForLogging",
  "sleep",
  "spyOn",
  "throttle",
  "timeout",
  "waitFor",
  "waitForValue",
  "withTimeout",
]
`;
